<?xml version="1.0" encoding="utf-8"?><testsuites name="pytest tests"><testsuite name="pytest" errors="0" failures="0" skipped="0" tests="4" time="0.635" timestamp="2026-02-10T11:12:52.045882+08:00" hostname="DESKTOP-TCNUAOP"><testcase classname="tests.test_cli" name="test_cli_runs" time="0.142" /><testcase classname="tests.test_config" name="test_load_config" time="0.001" /><testcase classname="tests.test_http_client" name="test_client_creation" time="0.000" /><testcase classname="tests.test_processor" name="test_process_payload" time="0.000" /></testsuite></testsuites>